设备: cuda (NVIDIA GeForce RTX 4060)
音频: benchmark/test.wav  时长 1587.6s (26.5min)

=== 加载 VAD 切段 ===
funasr version: 1.3.29.
VAD段: 138, 最终段: 138

=== 预热 paraformer ===
funasr version: 1.3.29.
=== 正式测试 paraformer ===
funasr version: 1.3.29.
  [paraformer] 加载: 1.94s
  [paraformer] 进度 5/138
  [paraformer] 进度 10/138
  [paraformer] 进度 15/138
  [paraformer] 进度 20/138
  [paraformer] 进度 25/138
  [paraformer] 进度 30/138
  [paraformer] 进度 35/138
  [paraformer] 进度 40/138
  [paraformer] 进度 45/138
  [paraformer] 进度 50/138
  [paraformer] 进度 55/138
  [paraformer] 进度 60/138
  [paraformer] 进度 65/138
  [paraformer] 进度 70/138
  [paraformer] 进度 75/138
  [paraformer] 进度 80/138
  [paraformer] 进度 85/138
  [paraformer] 进度 90/138
  [paraformer] 进度 95/138
  [paraformer] 进度 100/138
  [paraformer] 进度 105/138
  [paraformer] 进度 110/138
  [paraformer] 进度 115/138
  [paraformer] 进度 120/138
  [paraformer] 进度 125/138
  [paraformer] 进度 130/138
  [paraformer] 进度 135/138
  加载:1.94s 推理:29.02s 总计:31.13s RTF=0.018 文本9094字

=== 预热 sensevoice ===
funasr version: 1.3.29.
=== 正式测试 sensevoice ===
funasr version: 1.3.29.
  [sensevoice] 加载: 1.41s
  [sensevoice] 进度 5/138
  [sensevoice] 进度 10/138
  [sensevoice] 进度 15/138
  [sensevoice] 进度 20/138
  [sensevoice] 进度 25/138
  [sensevoice] 进度 30/138
  [sensevoice] 进度 35/138
  [sensevoice] 进度 40/138
  [sensevoice] 进度 45/138
  [sensevoice] 进度 50/138
  [sensevoice] 进度 55/138
  [sensevoice] 进度 60/138
  [sensevoice] 进度 65/138
  [sensevoice] 进度 70/138
  [sensevoice] 进度 75/138
  [sensevoice] 进度 80/138
  [sensevoice] 进度 85/138
  [sensevoice] 进度 90/138
  [sensevoice] 进度 95/138
  [sensevoice] 进度 100/138
  [sensevoice] 进度 105/138
  [sensevoice] 进度 110/138
  [sensevoice] 进度 115/138
  [sensevoice] 进度 120/138
  [sensevoice] 进度 125/138
  [sensevoice] 进度 130/138
  [sensevoice] 进度 135/138
  加载:1.41s 推理:9.13s 总计:10.74s RTF=0.006 文本14711字

================================================================
对比结果 (A: Paraformer vs B2: SenseVoice, 同 GPU)
================================================================
指标                Paraformer      SenseVoice              差异
加载(s)                   1.94            1.41           -0.53
推理(s)                  29.02            9.13          -19.89
总计(s)                  31.13           10.74          -20.39
RTF                   0.0183          0.0057          -0.013

SenseVoice 推理速度是 Paraformer 的 3.18x

结果已保存到 benchmark/result.json
